// Jest Snapshot v1, https://goo.gl/fbAQLP

exports[`Main data  tests should render the data 1`] = `
Object {
  "asFragment": [Function],
  "baseElement": <body>
    <div>
      <div>
        <div
          class="[#0e128a] bg-gradient-to-b from-[#0e128a] to-[#01034d] grid h-min-48 p-2"
        >
          <div>
            <span
              class="text-[#cc2263] font-bold font-cer"
            />
          </div>
          <span
            class="text-gray-400"
          >
            Period:
          </span>
          <span
            class="text-blue-300"
          >
             Filling Date:
          </span>
          <span
            class="text-white"
          >
             
            Date:
          </span>
          <span
            class="text-green-400 "
          >
             Receivables: 
            <span
              class="text-[#cc2263]"
            />
          </span>
          <span
            class="text-green-400 "
          >
             cashAndCashEquivalents: 
            <span
              class="text-[#cc2263]"
            />
          </span>
        </div>
      </div>
    </div>
  </body>,
  "container": <div>
    <div>
      <div
        class="[#0e128a] bg-gradient-to-b from-[#0e128a] to-[#01034d] grid h-min-48 p-2"
      >
        <div>
          <span
            class="text-[#cc2263] font-bold font-cer"
          />
        </div>
        <span
          class="text-gray-400"
        >
          Period:
        </span>
        <span
          class="text-blue-300"
        >
           Filling Date:
        </span>
        <span
          class="text-white"
        >
           
          Date:
        </span>
        <span
          class="text-green-400 "
        >
           Receivables: 
          <span
            class="text-[#cc2263]"
          />
        </span>
        <span
          class="text-green-400 "
        >
           cashAndCashEquivalents: 
          <span
            class="text-[#cc2263]"
          />
        </span>
      </div>
    </div>
  </div>,
  "debug": [Function],
  "findAllByAltText": [Function],
  "findAllByDisplayValue": [Function],
  "findAllByLabelText": [Function],
  "findAllByPlaceholderText": [Function],
  "findAllByRole": [Function],
  "findAllByTestId": [Function],
  "findAllByText": [Function],
  "findAllByTitle": [Function],
  "findByAltText": [Function],
  "findByDisplayValue": [Function],
  "findByLabelText": [Function],
  "findByPlaceholderText": [Function],
  "findByRole": [Function],
  "findByTestId": [Function],
  "findByText": [Function],
  "findByTitle": [Function],
  "getAllByAltText": [Function],
  "getAllByDisplayValue": [Function],
  "getAllByLabelText": [Function],
  "getAllByPlaceholderText": [Function],
  "getAllByRole": [Function],
  "getAllByTestId": [Function],
  "getAllByText": [Function],
  "getAllByTitle": [Function],
  "getByAltText": [Function],
  "getByDisplayValue": [Function],
  "getByLabelText": [Function],
  "getByPlaceholderText": [Function],
  "getByRole": [Function],
  "getByTestId": [Function],
  "getByText": [Function],
  "getByTitle": [Function],
  "queryAllByAltText": [Function],
  "queryAllByDisplayValue": [Function],
  "queryAllByLabelText": [Function],
  "queryAllByPlaceholderText": [Function],
  "queryAllByRole": [Function],
  "queryAllByTestId": [Function],
  "queryAllByText": [Function],
  "queryAllByTitle": [Function],
  "queryByAltText": [Function],
  "queryByDisplayValue": [Function],
  "queryByLabelText": [Function],
  "queryByPlaceholderText": [Function],
  "queryByRole": [Function],
  "queryByTestId": [Function],
  "queryByText": [Function],
  "queryByTitle": [Function],
  "rerender": [Function],
  "unmount": [Function],
}
`;
