// Jest Snapshot v1, https://goo.gl/fbAQLP

exports[`Home  component  should render the  component successfully 1`] = `
Object {
  "asFragment": [Function],
  "baseElement": <body>
    <div>
      <div
        class=""
      >
        <div
          class="bg-[#0e128a] bg-gradient-to-r from-[#0e128a] to-[#01034d] w-full h-40 border-b-2 border-blue-800"
        >
          <div
            class="text-[#F64C71] text-xl"
          />
          <div
            class="text-gray-400"
          />
          <div
            class="text-white text-lg"
          >
            Price: 
          </div>
          <div
            class="text-green-500"
          >
            Price Change: 
            <span
              class="text-[#F64C71]"
            />
          </div>
        </div>
      </div>
      ,
    </div>
  </body>,
  "container": <div>
    <div
      class=""
    >
      <div
        class="bg-[#0e128a] bg-gradient-to-r from-[#0e128a] to-[#01034d] w-full h-40 border-b-2 border-blue-800"
      >
        <div
          class="text-[#F64C71] text-xl"
        />
        <div
          class="text-gray-400"
        />
        <div
          class="text-white text-lg"
        >
          Price: 
        </div>
        <div
          class="text-green-500"
        >
          Price Change: 
          <span
            class="text-[#F64C71]"
          />
        </div>
      </div>
    </div>
    ,
  </div>,
  "debug": [Function],
  "findAllByAltText": [Function],
  "findAllByDisplayValue": [Function],
  "findAllByLabelText": [Function],
  "findAllByPlaceholderText": [Function],
  "findAllByRole": [Function],
  "findAllByTestId": [Function],
  "findAllByText": [Function],
  "findAllByTitle": [Function],
  "findByAltText": [Function],
  "findByDisplayValue": [Function],
  "findByLabelText": [Function],
  "findByPlaceholderText": [Function],
  "findByRole": [Function],
  "findByTestId": [Function],
  "findByText": [Function],
  "findByTitle": [Function],
  "getAllByAltText": [Function],
  "getAllByDisplayValue": [Function],
  "getAllByLabelText": [Function],
  "getAllByPlaceholderText": [Function],
  "getAllByRole": [Function],
  "getAllByTestId": [Function],
  "getAllByText": [Function],
  "getAllByTitle": [Function],
  "getByAltText": [Function],
  "getByDisplayValue": [Function],
  "getByLabelText": [Function],
  "getByPlaceholderText": [Function],
  "getByRole": [Function],
  "getByTestId": [Function],
  "getByText": [Function],
  "getByTitle": [Function],
  "queryAllByAltText": [Function],
  "queryAllByDisplayValue": [Function],
  "queryAllByLabelText": [Function],
  "queryAllByPlaceholderText": [Function],
  "queryAllByRole": [Function],
  "queryAllByTestId": [Function],
  "queryAllByText": [Function],
  "queryAllByTitle": [Function],
  "queryByAltText": [Function],
  "queryByDisplayValue": [Function],
  "queryByLabelText": [Function],
  "queryByPlaceholderText": [Function],
  "queryByRole": [Function],
  "queryByTestId": [Function],
  "queryByText": [Function],
  "queryByTitle": [Function],
  "rerender": [Function],
  "unmount": [Function],
}
`;
